// Vitest Snapshot v1, https://vitest.dev/guide/snapshot.html

exports[`<ToolMessage /> > JSON rendering > renders pretty JSON in ink frame 1`] = `
" âœ“  test-tool A tool for testing

    {
      "a": 1,
      "b": 2
    }"
`;
