// Vitest Snapshot v1, https://vitest.dev/guide/snapshot.html

exports[`TextInput > handles left arrow 1`] = `"test"`;

exports[`TextInput > handles right arrow 1`] = `"test"`;
