// Vitest Snapshot v1, https://vitest.dev/guide/snapshot.html

exports[`App UI > should render correctly with the prompt input box 1`] = `
"
                                                   queue: wait_for_idle (Ctrl+M to toggle)
╭────────────────────────────────────────────────────────────────────────────────────────╮
│ >   Type your message or @path/to/file                                                 │
╰────────────────────────────────────────────────────────────────────────────────────────╯
/test/dir               no sandbox (see /docs)                 model (100% context left)"
`;

exports[`App UI > should render the initial UI correctly 1`] = `
" I'm Feeling Lucky (esc to cancel, 0s)

                                                   queue: wait_for_idle (Ctrl+M to toggle)
/test/dir               no sandbox (see /docs)                 model (100% context left)"
`;

exports[`App UI > when in a narrow terminal > should render with a column layout 1`] = `
"


  queue: wait_for_idle (Ctrl+M to toggle)
╭────────────────────────────────────────────────────────────────────────────────────────╮
│ >   Type your message or @path/to/file                                                 │
╰────────────────────────────────────────────────────────────────────────────────────────╯
dir

no sandbox (see /docs)

model (100% context left)  | ✖ 5 errors (ctrl+o for details)"
`;
